17:53:51 **** Auto Build of configuration Debug for project interrupt_counter2 ****
make pre-build main-build 
a9-linaro-pre-build-step
' '
'Building file: ../src/interrupt_counter_tut_2B.c'
'Invoking: ARM v7 gcc compiler'
arm-none-eabi-gcc -Wall -O0 -g3 -c -fmessage-length=0 -MT"src/interrupt_counter_tut_2B.o" -mcpu=cortex-a9 -mfpu=vfpv3 -mfloat-abi=hard -I../../interrupt_counter2_bsp/ps7_cortexa9_0/include -MMD -MP -MF"src/interrupt_counter_tut_2B.d" -MT"src/interrupt_counter_tut_2B.o" -o "src/interrupt_counter_tut_2B.o" "../src/interrupt_counter_tut_2B.c"
'Finished building: ../src/interrupt_counter_tut_2B.c'
' '
'Building target: interrupt_counter2.elf'
'Invoking: ARM v7 gcc linker'
arm-none-eabi-gcc -mcpu=cortex-a9 -mfpu=vfpv3 -mfloat-abi=hard -Wl,-build-id=none -specs=Xilinx.spec -Wl,-T -Wl,../src/lscript.ld -L../../interrupt_counter2_bsp/ps7_cortexa9_0/lib -o "interrupt_counter2.elf"  ./src/interrupt_counter_tut_2B.o   -Wl,--start-group,-lxil,-lgcc,-lc,--end-group
'Finished building target: interrupt_counter2.elf'
' '
'Invoking: ARM v7 Print Size'
arm-none-eabi-size interrupt_counter2.elf  |tee "interrupt_counter2.elf.size"
   text	   data	    bss	    dec	    hex	filename
  24872	   1952	  22632	  49456	   c130	interrupt_counter2.elf
'Finished building: interrupt_counter2.elf.size'
' '

17:53:54 Build Finished (took 3s.153ms)

